/Users/hellen/workspace/ideaproj/oneclickcreation/src/main/java/com/chinaunicom/xhl/oneclickcreation/service/impl/HDFSServiceImpl.java
/Users/hellen/workspace/ideaproj/oneclickcreation/src/main/java/com/chinaunicom/xhl/oneclickcreation/bean/User.java
/Users/hellen/workspace/ideaproj/oneclickcreation/src/main/java/com/chinaunicom/xhl/oneclickcreation/service/impl/UserServiceImpl.java
/Users/hellen/workspace/ideaproj/oneclickcreation/src/main/java/com/chinaunicom/xhl/oneclickcreation/config/HDFSConfig.java
/Users/hellen/workspace/ideaproj/oneclickcreation/src/main/java/com/chinaunicom/xhl/oneclickcreation/controller/UserController.java
/Users/hellen/workspace/ideaproj/oneclickcreation/src/main/java/com/chinaunicom/xhl/oneclickcreation/service/HDFSService.java
/Users/hellen/workspace/ideaproj/oneclickcreation/src/main/java/com/chinaunicom/xhl/oneclickcreation/bean/Person.java
/Users/hellen/workspace/ideaproj/oneclickcreation/src/main/java/com/chinaunicom/xhl/oneclickcreation/service/impl/LDAPServiceImpl.java
/Users/hellen/workspace/ideaproj/oneclickcreation/src/main/java/com/chinaunicom/xhl/oneclickcreation/mapper/UserMapper.java
/Users/hellen/workspace/ideaproj/oneclickcreation/src/main/java/com/chinaunicom/xhl/oneclickcreation/service/UserService.java
/Users/hellen/workspace/ideaproj/oneclickcreation/src/main/java/com/chinaunicom/xhl/oneclickcreation/util/FileIoUtil.java
/Users/hellen/workspace/ideaproj/oneclickcreation/src/main/java/com/chinaunicom/xhl/oneclickcreation/OneclickcreationApplication.java
/Users/hellen/workspace/ideaproj/oneclickcreation/src/main/java/com/chinaunicom/xhl/oneclickcreation/constans/Constans.java
/Users/hellen/workspace/ideaproj/oneclickcreation/src/main/java/com/chinaunicom/xhl/oneclickcreation/service/LDAPService.java
/Users/hellen/workspace/ideaproj/oneclickcreation/src/main/java/com/chinaunicom/xhl/oneclickcreation/util/RSAUtil.java
/Users/hellen/workspace/ideaproj/oneclickcreation/src/main/java/com/chinaunicom/xhl/oneclickcreation/config/LDAPConfig.java
